C:\Program Files\Microsoft Visual Studio\2022\Community\MSBuild\Microsoft\VC\v170\Microsoft.CppBuild.targets(531,5): warning MSB8028: The intermediate directory (Debug\) contains files shared from another project (Win32SimpleSample.vcxproj).  This can lead to incorrect clean and rebuild behavior.
  Game.cpp
C:\Users\Thori\Documents\GitHub\WFFC-Torin\WOFFCEdit\Game.cpp(206,45): warning C4244: 'argument': conversion from 'LONG' to 'float', possible loss of data
C:\Users\Thori\Documents\GitHub\WFFC-Torin\WOFFCEdit\Game.cpp(206,61): warning C4244: 'argument': conversion from 'LONG' to 'float', possible loss of data
C:\Users\Thori\Documents\GitHub\WFFC-Torin\WOFFCEdit\Game.cpp(321,57): warning C4244: 'argument': conversion from 'double' to 'float', possible loss of data
C:\Users\Thori\Documents\GitHub\WFFC-Torin\WOFFCEdit\Game.cpp(320,57): warning C4244: 'argument': conversion from 'double' to 'float', possible loss of data
C:\Users\Thori\Documents\GitHub\WFFC-Torin\WOFFCEdit\Game.cpp(319,97): warning C4244: 'argument': conversion from 'double' to 'float', possible loss of data
C:\Users\Thori\Documents\GitHub\WFFC-Torin\WOFFCEdit\Game.cpp(305,10): warning C4101: 'Buffer': unreferenced local variable
C:\Users\Thori\Documents\GitHub\WFFC-Torin\WOFFCEdit\Game.cpp(453,31): warning C4018: '<': signed/unsigned mismatch
C:\Users\Thori\Documents\GitHub\WFFC-Torin\WOFFCEdit\Game.cpp(476,73): warning C4244: 'argument': conversion from 'int' to 'float', possible loss of data
C:\Users\Thori\Documents\GitHub\WFFC-Torin\WOFFCEdit\Game.cpp(476,57): warning C4244: 'argument': conversion from 'int' to 'float', possible loss of data
C:\Users\Thori\Documents\GitHub\WFFC-Torin\WOFFCEdit\Game.cpp(477,72): warning C4244: 'argument': conversion from 'int' to 'float', possible loss of data
C:\Users\Thori\Documents\GitHub\WFFC-Torin\WOFFCEdit\Game.cpp(477,56): warning C4244: 'argument': conversion from 'int' to 'float', possible loss of data
C:\Users\Thori\Documents\GitHub\WFFC-Torin\WOFFCEdit\Game.cpp(479,23): warning C4018: '<': signed/unsigned mismatch
C:\Users\Thori\Documents\GitHub\WFFC-Torin\WOFFCEdit\Game.cpp(498,39): warning C4244: 'argument': conversion from 'LONG' to 'float', possible loss of data
C:\Users\Thori\Documents\GitHub\WFFC-Torin\WOFFCEdit\Game.cpp(497,38): warning C4244: 'argument': conversion from 'LONG' to 'float', possible loss of data
C:\Users\Thori\Documents\GitHub\WFFC-Torin\WOFFCEdit\Game.cpp(507,39): warning C4244: 'argument': conversion from 'LONG' to 'float', possible loss of data
C:\Users\Thori\Documents\GitHub\WFFC-Torin\WOFFCEdit\Game.cpp(506,38): warning C4244: 'argument': conversion from 'LONG' to 'float', possible loss of data
C:\Users\Thori\Documents\GitHub\WFFC-Torin\WOFFCEdit\Game.cpp(515,27): warning C4018: '<': signed/unsigned mismatch
  Win32SimpleSample.vcxproj -> C:\Users\Thori\Documents\GitHub\WFFC-Torin\WOFFCEdit\Debug\WoFEdit.exe
